[www.leconcertlitteraire.fr/index.html]
[leconcertlitteraire.fr/Home.jpg]
[www.leconcertlitteraire.fr/index.css]
[www.leconcertlitteraire.fr/jquery.js]
[www.leconcertlitteraire.fr/220x335/Caroline.jpg]
[www.leconcertlitteraire.fr/220x335/Juliette.jpg]
[www.leconcertlitteraire.fr/220x335/Nathalie.jpg]
[www.leconcertlitteraire.fr/220x335/Claire.jpg]
[www.leconcertlitteraire.fr/220x335/Anais.jpg]
[www.leconcertlitteraire.fr/facebook.png]
[www.leconcertlitteraire.fr/youtube.png]
[www.leconcertlitteraire.fr/team73f5.html]
[www.leconcertlitteraire.fr/index.html]
[www.leconcertlitteraire.fr/spinnaker.ttf]
[www.leconcertlitteraire.fr/linotype.woff]
[www.leconcertlitteraire.fr/palatino.ttf]
[www.leconcertlitteraire.fr/220x335/Concept.jpg]
[www.leconcertlitteraire.fr/index.css]
[www.leconcertlitteraire.fr/330x440/Caroline.jpg]
[www.leconcertlitteraire.fr/330x440/Nathalie.jpg]
[www.leconcertlitteraire.fr/330x440/Juliette.jpg]
[www.leconcertlitteraire.fr/330x440/Claire.jpg]
[www.leconcertlitteraire.fr/team73f5.html]
[www.leconcertlitteraire.fr/330x440/Anais.jpg]
